FFFFFFFFFFFFFFFFFFFFFF                                                   [100%]
=================================== FAILURES ===================================
E   AssertionError: {"error":"not_implemented"}
    assert 501 == 200
     +  where 501 = <Response [501 Not Implemented]>.status_code
/Users/wojciechwiesner/.hermes/research/hermes-jit-context-os-v0.1/benchmarks/tasks/wynajmujemy_slice/tests/test_slice.py:118: AssertionError: {"error":"not_implemented"}
E   AssertionError: {"error":"not_implemented"}
    assert 501 == 200
     +  where 501 = <Response [501 Not Implemented]>.status_code
/Users/wojciechwiesner/.hermes/research/hermes-jit-context-os-v0.1/benchmarks/tasks/wynajmujemy_slice/tests/test_slice.py:136: AssertionError: {"error":"not_implemented"}
E   AssertionError: {"error":"not_implemented"}
    assert 501 == 200
     +  where 501 = <Response [501 Not Implemented]>.status_code
/Users/wojciechwiesner/.hermes/research/hermes-jit-context-os-v0.1/benchmarks/tasks/wynajmujemy_slice/tests/test_slice.py:161: AssertionError: {"error":"not_implemented"}
E   AssertionError: {"error":"not_implemented"}
    assert 501 == 200
     +  where 501 = <Response [501 Not Implemented]>.status_code
/Users/wojciechwiesner/.hermes/research/hermes-jit-context-os-v0.1/benchmarks/tasks/wynajmujemy_slice/tests/test_slice.py:208: AssertionError: {"error":"not_implemented"}
E   AssertionError: {"error":"not_implemented"}
    assert 501 == 200
     +  where 501 = <Response [501 Not Implemented]>.status_code
/Users/wojciechwiesner/.hermes/research/hermes-jit-context-os-v0.1/benchmarks/tasks/wynajmujemy_slice/tests/test_slice.py:224: AssertionError: {"error":"not_implemented"}
E   KeyError: 'listing_id'
/Users/wojciechwiesner/.hermes/research/hermes-jit-context-os-v0.1/benchmarks/tasks/wynajmujemy_slice/tests/test_slice.py:278: KeyError: 'listing_id'
E   assert 501 == 400
     +  where 501 = <Response [501 Not Implemented]>.status_code
/Users/wojciechwiesner/.hermes/research/hermes-jit-context-os-v0.1/benchmarks/tasks/wynajmujemy_slice/tests/test_slice.py:310: assert 501 == 400
E   AssertionError: {"error":"not_implemented"}
    assert 501 == 200
     +  where 501 = <Response [501 Not Implemented]>.status_code
/Users/wojciechwiesner/.hermes/research/hermes-jit-context-os-v0.1/benchmarks/tasks/wynajmujemy_slice/tests/test_slice.py:342: AssertionError: {"error":"not_implemented"}
E   KeyError: 'listing_id'
/Users/wojciechwiesner/.hermes/research/hermes-jit-context-os-v0.1/benchmarks/tasks/wynajmujemy_slice/tests/test_slice.py:354: KeyError: 'listing_id'
E   KeyError: 'listing_id'
/Users/wojciechwiesner/.hermes/research/hermes-jit-context-os-v0.1/benchmarks/tasks/wynajmujemy_slice/tests/test_slice.py:376: KeyError: 'listing_id'
E   KeyError: 'listing_id'
/Users/wojciechwiesner/.hermes/research/hermes-jit-context-os-v0.1/benchmarks/tasks/wynajmujemy_slice/tests/test_slice.py:395: KeyError: 'listing_id'
E   KeyError: 'listing_id'
/Users/wojciechwiesner/.hermes/research/hermes-jit-context-os-v0.1/benchmarks/tasks/wynajmujemy_slice/tests/test_slice.py:418: KeyError: 'listing_id'
E   AssertionError: assert 501 == 200
     +  where 501 = <Response [501 Not Implemented]>.status_code
     +    where <Response [501 Not Implemented]> = post('/api/notifications/preferences', json={'marketing': True})
     +      where post = <test_slice.client_for.<locals>._Client object at 0x107abd160>.post
/Users/wojciechwiesner/.hermes/research/hermes-jit-context-os-v0.1/benchmarks/tasks/wynajmujemy_slice/tests/test_slice.py:454: AssertionError: assert 501 == 200
E   KeyError: 'outbox'
/Users/wojciechwiesner/.hermes/research/hermes-jit-context-os-v0.1/benchmarks/tasks/wynajmujemy_slice/tests/test_slice.py:484: KeyError: 'outbox'
E   KeyError: 'listing_id'
/Users/wojciechwiesner/.hermes/research/hermes-jit-context-os-v0.1/benchmarks/tasks/wynajmujemy_slice/tests/test_slice.py:497: KeyError: 'listing_id'
E   KeyError: 'listing_id'
/Users/wojciechwiesner/.hermes/research/hermes-jit-context-os-v0.1/benchmarks/tasks/wynajmujemy_slice/tests/test_slice.py:536: KeyError: 'listing_id'
E   KeyError: 'listing_id'
/Users/wojciechwiesner/.hermes/research/hermes-jit-context-os-v0.1/benchmarks/tasks/wynajmujemy_slice/tests/test_slice.py:577: KeyError: 'listing_id'
E   KeyError: 'listing_id'
/Users/wojciechwiesner/.hermes/research/hermes-jit-context-os-v0.1/benchmarks/tasks/wynajmujemy_slice/tests/test_slice.py:589: KeyError: 'listing_id'
E   assert 501 == 200
     +  where 501 = <Response [501 Not Implemented]>.status_code
/Users/wojciechwiesner/.hermes/research/hermes-jit-context-os-v0.1/benchmarks/tasks/wynajmujemy_slice/tests/test_slice.py:635: assert 501 == 200
E   KeyError: 'listing_id'
/Users/wojciechwiesner/.hermes/research/hermes-jit-context-os-v0.1/benchmarks/tasks/wynajmujemy_slice/tests/test_slice.py:649: KeyError: 'listing_id'
E   KeyError: 'listing_id'
/Users/wojciechwiesner/.hermes/research/hermes-jit-context-os-v0.1/benchmarks/tasks/wynajmujemy_slice/tests/test_slice.py:668: KeyError: 'listing_id'
E   assert 501 == 422
     +  where 501 = <Response [501 Not Implemented]>.status_code
/Users/wojciechwiesner/.hermes/research/hermes-jit-context-os-v0.1/benchmarks/tasks/wynajmujemy_slice/tests/test_slice.py:688: assert 501 == 422
=============================== warnings summary ===============================
benchmarks/tasks/wynajmujemy_slice/tests/test_slice.py: 22 warnings
  /opt/homebrew/lib/python3.14/site-packages/starlette/applications.py:233: DeprecationWarning: The `middleware` decorator is deprecated, and will be removed in version 1.0.0. Refer to https://starlette.dev/middleware/#using-middleware for recommended approach.
    warnings.warn(

-- Docs: https://docs.pytest.org/en/stable/how-to/capture-warnings.html
=========================== short test summary info ============================
FAILED benchmarks/tasks/wynajmujemy_slice/tests/test_slice.py::test_referral_get_has_no_side_effects
FAILED benchmarks/tasks/wynajmujemy_slice/tests/test_slice.py::test_get_confirm_does_not_mutate
FAILED benchmarks/tasks/wynajmujemy_slice/tests/test_slice.py::test_owner_materials_publish_after_exact_approval
FAILED benchmarks/tasks/wynajmujemy_slice/tests/test_slice.py::test_olx_disabled_does_not_fetch
FAILED benchmarks/tasks/wynajmujemy_slice/tests/test_slice.py::test_republish_false_blocks_imported_publication
FAILED benchmarks/tasks/wynajmujemy_slice/tests/test_slice.py::test_host_retyped_fields_can_publish
FAILED benchmarks/tasks/wynajmujemy_slice/tests/test_slice.py::test_idempotent_import_and_webhook
FAILED benchmarks/tasks/wynajmujemy_slice/tests/test_slice.py::test_ambiguous_price_is_not_guessed
FAILED benchmarks/tasks/wynajmujemy_slice/tests/test_slice.py::test_unknown_equipment_is_not_a_match
FAILED benchmarks/tasks/wynajmujemy_slice/tests/test_slice.py::test_ai_cannot_invent_parking
FAILED benchmarks/tasks/wynajmujemy_slice/tests/test_slice.py::test_foreign_host_cannot_read_private
FAILED benchmarks/tasks/wynajmujemy_slice/tests/test_slice.py::test_new_version_invalidates_approval
FAILED benchmarks/tasks/wynajmujemy_slice/tests/test_slice.py::test_marketing_opt_out_cancels_queued
FAILED benchmarks/tasks/wynajmujemy_slice/tests/test_slice.py::test_unknown_delivery_does_not_failover
FAILED benchmarks/tasks/wynajmujemy_slice/tests/test_slice.py::test_source_403_does_not_retry_or_unpublish
FAILED benchmarks/tasks/wynajmujemy_slice/tests/test_slice.py::test_stale_30_days_pauses_and_confirm_restores
FAILED benchmarks/tasks/wynajmujemy_slice/tests/test_slice.py::test_past_available_from_does_not_publish
FAILED benchmarks/tasks/wynajmujemy_slice/tests/test_slice.py::test_payment_is_not_a_state
FAILED benchmarks/tasks/wynajmujemy_slice/tests/test_slice.py::test_imported_instructions_are_data
FAILED benchmarks/tasks/wynajmujemy_slice/tests/test_slice.py::test_external_media_without_rights_blocks_publish
FAILED benchmarks/tasks/wynajmujemy_slice/tests/test_slice.py::test_medical_profile_requires_review
FAILED benchmarks/tasks/wynajmujemy_slice/tests/test_slice.py::test_enable_policy_requires_evidence
22 failed, 22 warnings in 0.12s
preview /Users/wojciechwiesner/.hermes/research/hermes-jit-context-os-v0.1/benchmarks/results/wynajmujemy_slice/live.html
